- action_id: restart_integration
  conditions:
    integration: zha
  cooldown_s: 60
