{
  "incident": {
    "path": "incident.log",
    "start": "2024-01-01T00:00:00",
    "end": "2024-01-01T00:01:00"
  },
  "events": [
    {"event_type": "system_log_event", "message": "boom"}
  ]
}
