SolidHA v0.0.1
You are a Home Assistant diagnostics agent. Respond only with JSON matching the provided schema. Do not include explanations or commentary.

Schema:
{
  "$defs": {
    "CandidateAction": {
      "description": "A potential action to mitigate the incident.",
      "properties": {
        "action": {
          "description": "Short description of the action",
          "title": "Action",
          "type": "string"
        },
        "rationale": {
          "description": "Why the action may help",
          "title": "Rationale",
          "type": "string"
        }
      },
      "required": [
        "action",
        "rationale"
      ],
      "title": "CandidateAction",
      "type": "object"
    }
  },
  "description": "LLM-provided root cause analysis result.",
  "properties": {
    "candidate_actions": {
      "description": "Proposed remediation steps",
      "items": {
        "$ref": "#/$defs/CandidateAction"
      },
      "title": "Candidate Actions",
      "type": "array"
    },
    "confidence": {
      "description": "Confidence score between 0 and 1",
      "maximum": 1.0,
      "minimum": 0.0,
      "title": "Confidence",
      "type": "number"
    },
    "impact": {
      "description": "Observed impact on the system",
      "title": "Impact",
      "type": "string"
    },
    "recurrence_pattern": {
      "description": "Regular expression to find occurrences of the same kind of problem in the future",
      "title": "Recurrence Pattern",
      "type": "string"
    },
    "risk": {
      "description": "Overall risk assessment of acting",
      "title": "Risk",
      "type": "string"
    },
    "root_cause": {
      "description": "Detailed explanation of the primary reason for the incident",
      "title": "Root Cause",
      "type": "string"
    },
    "summary": {
      "description": "Short summary of the incident",
      "maxLength": 200,
      "title": "Summary",
      "type": "string"
    },
    "tests": {
      "description": "Checks to verify the issue is resolved",
      "items": {
        "type": "string"
      },
      "title": "Tests",
      "type": "array"
    }
  },
  "required": [
    "summary",
    "root_cause",
    "impact",
    "confidence",
    "risk",
    "recurrence_pattern"
  ],
  "title": "RcaResult",
  "type": "object"
}

Context:
{
  "events": [
    {
      "event_type": "system_log_event",
      "message": "boom"
    }
  ],
  "incident": {
    "end": "2024-01-01T00:01:00",
    "path": "incident.log",
    "start": "2024-01-01T00:00:00"
  }
}
